[hrk_kn] 480 combinations
  ...100/480
  ...200/480
  ...300/480
  ...400/480

===== TOP hrk_kn =====
hrk_kn         USDJPY  15min score=0.311 | IS wr= 29.1 pf= 1.03 n= 860 ret=   16.4% || OOS wr= 23.1 pf= 0.79 n= 472 ret=  -52.2%
    {'fast': 5, 'slow': 21, 'atr_len': 14, 'sl_mult': 2.0, 'rr': 3.0}
hrk_kn         USDJPY  15min score=0.299 | IS wr= 30.2 pf= 1.06 n= 844 ret=   35.1% || OOS wr= 23.1 pf= 0.78 n= 485 ret=  -56.4%
    {'fast': 8, 'slow': 13, 'atr_len': 14, 'sl_mult': 2.0, 'rr': 3.0}
hrk_kn         EURUSD   5min score=-1.000 | IS wr= 25.7 pf= 0.12 n=8287 ret= -916.3% || OOS wr= 20.6 pf= 0.07 n=4987 ret= -550.1%
    {'fast': 5, 'slow': 13, 'atr_len': 14, 'sl_mult': 1.0, 'rr': 0.6}
hrk_kn         EURUSD  15min score=-1.000 | IS wr= 49.6 pf= 0.34 n=2820 ret= -298.8% || OOS wr= 49.7 pf= 0.24 n=1693 ret= -203.3%
    {'fast': 5, 'slow': 13, 'atr_len': 14, 'sl_mult': 1.0, 'rr': 0.6}
hrk_kn         GBPUSD   5min score=-1.000 | IS wr= 33.2 pf= 0.15 n=8449 ret= -986.9% || OOS wr= 34.2 pf= 0.15 n=4966 ret= -558.7%
    {'fast': 5, 'slow': 13, 'atr_len': 14, 'sl_mult': 1.0, 'rr': 0.6}
hrk_kn         GBPUSD  15min score=-1.000 | IS wr= 55.8 pf= 0.39 n=2818 ret= -308.7% || OOS wr= 58.6 pf= 0.38 n=1663 ret= -189.8%
    {'fast': 5, 'slow': 13, 'atr_len': 14, 'sl_mult': 1.0, 'rr': 0.6}
hrk_kn         AUDUSD   5min score=-1.000 | IS wr= 13.2 pf= 0.04 n=8151 ret= -922.8% || OOS wr= 14.7 pf= 0.05 n=4831 ret= -546.4%
    {'fast': 5, 'slow': 13, 'atr_len': 14, 'sl_mult': 1.0, 'rr': 0.6}
hrk_kn         AUDUSD  15min score=-1.000 | IS wr= 50.7 pf= 0.21 n=2832 ret= -322.4% || OOS wr= 46.2 pf= 0.19 n=1779 ret= -218.2%
    {'fast': 5, 'slow': 13, 'atr_len': 14, 'sl_mult': 1.0, 'rr': 0.6}
hrk_kn         USDJPY   5min score=-1.000 | IS wr= 47.4 pf= 0.30 n=8179 ret= -725.1% || OOS wr= 33.8 pf= 0.15 n=4820 ret= -428.9%
    {'fast': 5, 'slow': 13, 'atr_len': 14, 'sl_mult': 1.0, 'rr': 0.6}
hrk_kn         USDJPY  15min score=-1.000 | IS wr= 57.2 pf= 0.50 n=2773 ret= -265.5% || OOS wr= 53.7 pf= 0.36 n=1693 ret= -162.2%
    {'fast': 5, 'slow': 13, 'atr_len': 14, 'sl_mult': 1.0, 'rr': 0.6}
[ema_pullback] 6912 combinations
  ...100/6912
  ...200/6912
  ...300/6912
  ...400/6912
  ...500/6912
  ...600/6912
  ...700/6912
  ...800/6912
  ...900/6912
  ...1000/6912
  ...1100/6912
  ...1200/6912
  ...1300/6912
  ...1400/6912
  ...1500/6912
  ...1600/6912
  ...1700/6912
  ...1800/6912
  ...1900/6912
  ...2000/6912
  ...2100/6912
  ...2200/6912
  ...2300/6912
  ...2400/6912
  ...2500/6912
  ...2600/6912
  ...2700/6912
  ...2800/6912
  ...2900/6912
  ...3000/6912
  ...3100/6912
  ...3200/6912
  ...3300/6912
  ...3400/6912
  ...3500/6912
  ...3600/6912
  ...3700/6912
  ...3800/6912
  ...3900/6912
  ...4000/6912
  ...4100/6912
  ...4200/6912
  ...4300/6912
  ...4400/6912
  ...4500/6912
  ...4600/6912
  ...4700/6912
  ...4800/6912
  ...4900/6912
  ...5000/6912
  ...5100/6912
