1728 configs
  200/1728
  400/1728
  600/1728
  800/1728
  1000/1728
  1200/1728
  1400/1728
  1600/1728

1362 configs produced enough trades
profitable in-sample: 216  (15.9%)
profitable in BOTH windows: 37  (2.7%)

If the strategy had no edge, the both-windows share would sit near
the in-sample share times the ~50% chance of a positive holdout.

     a      b  lb  entry  exit  stop  hold  is_n  is_pf  is_net  is_win  oos_n  oos_pf  oos_net  oos_win
GBPUSD USDCHF 500    2.0   0.5   5.0   480    31  1.113   12.29    35.5     13   3.169    45.99     69.2
GBPUSD USDCHF 300    2.5   1.0   5.0   480    30  1.464   32.48    53.3     33   3.151    46.12     42.4
GBPUSD USDCHF 300    2.5   1.0   5.0   240    30  1.464   32.48    53.3     33   3.151    46.12     42.4
GBPUSD USDJPY 300    3.0   1.0   5.0   240    27  1.140   13.41    33.3     19   1.942    25.24     36.8
GBPUSD USDJPY 300    3.0   1.0   5.0   480    27  1.140   13.41    33.3     19   1.942    25.24     36.8
USDCAD USDCHF 200    2.0   0.0   3.5   480   121  1.032    7.14     7.4     55   1.727    42.90     16.4
USDCAD USDCHF 200    2.0   0.0   3.5   240   138  1.144   27.88    15.9     67   1.668    71.74     22.4
EURUSD USDCHF 200    3.0   1.0   5.0   480    29  1.573   18.43    41.4     22   1.530    10.65     54.5
EURUSD USDCHF 200    3.0   1.0   5.0   240    29  1.573   18.43    41.4     22   1.530    10.65     54.5
USDCAD USDCHF 200    2.0   0.0   5.0   240    41  1.383   54.00    48.8     22   1.505    31.27     40.9
EURUSD USDJPY 200    1.5   0.0   5.0   480    29  1.598  134.73    44.8     21   1.377    24.75     33.3
EURGBP EURUSD 200    2.0   0.5   5.0   480    66  1.024    5.11    43.9     47   1.343    35.53     40.4
USDCAD USDCHF 200    3.0   1.0   5.0   480    26  1.038    3.26    38.5     16   1.340    11.86     68.8
USDCAD USDCHF 200    3.0   1.0   5.0   240    26  1.038    3.26    38.5     16   1.340    11.86     68.8
EURGBP EURUSD 300    1.5   1.0   5.0   240    50  1.241   36.61    58.0     30   1.332    24.73     56.7
